node_modules/next-auth/adapters.d.ts(2,47): error TS2307: Cannot find module '@auth/core/adapters' or its corresponding type declarations.
node_modules/next-auth/core/lib/cookie.d.ts(31,5): error TS18028: Private identifiers are only available when targeting ECMAScript 2015 and higher.
node_modules/next-auth/providers/email.d.ts(1,45): error TS2307: Cannot find module 'nodemailer' or its corresponding type declarations.
node_modules/next-auth/providers/email.d.ts(2,32): error TS2307: Cannot find module 'nodemailer/lib/json-transport/index.js' or its corresponding type declarations.
node_modules/next-auth/providers/email.d.ts(3,36): error TS2307: Cannot find module 'nodemailer/lib/sendmail-transport/index.js' or its corresponding type declarations.
node_modules/next-auth/providers/email.d.ts(4,31): error TS2307: Cannot find module 'nodemailer/lib/ses-transport/index.js' or its corresponding type declarations.
node_modules/next-auth/providers/email.d.ts(5,27): error TS2307: Cannot find module 'nodemailer/lib/smtp-pool/index.js' or its corresponding type declarations.
node_modules/next-auth/providers/email.d.ts(6,32): error TS2307: Cannot find module 'nodemailer/lib/smtp-transport/index.js' or its corresponding type declarations.
node_modules/next-auth/providers/email.d.ts(7,34): error TS2307: Cannot find module 'nodemailer/lib/stream-transport/index.js' or its corresponding type declarations.
node_modules/next-auth/react/index.d.ts(86,71): error TS2503: Cannot find namespace 'JSX'.
node_modules/next/dist/build/webpack/loaders/next-app-loader/index.d.ts(1,13): error TS2613: Module '"next/dist/compiled/webpack/webpack"' has no default export. Did you mean to use 'import { webpack } from "next/dist/compiled/webpack/webpack"' instead?
node_modules/next/dist/client/components/error-boundary.d.ts(1,8): error TS1259: Module '"C:/Users/Dell/Downloads/worldcup/node_modules/@types/react/index"' can only be default-imported using the 'esModuleInterop' flag
node_modules/next/dist/client/components/http-access-fallback/error-boundary.d.ts(11,8): error TS1259: Module '"C:/Users/Dell/Downloads/worldcup/node_modules/@types/react/index"' can only be default-imported using the 'esModuleInterop' flag
node_modules/next/dist/client/components/layout-router.d.ts(2,8): error TS1259: Module '"C:/Users/Dell/Downloads/worldcup/node_modules/@types/react/index"' can only be default-imported using the 'esModuleInterop' flag
node_modules/next/dist/client/image-component.d.ts(1,8): error TS1259: Module '"C:/Users/Dell/Downloads/worldcup/node_modules/@types/react/index"' can only be default-imported using the 'esModuleInterop' flag
node_modules/next/dist/client/link.d.ts(1,8): error TS1259: Module '"C:/Users/Dell/Downloads/worldcup/node_modules/@types/react/index"' can only be default-imported using the 'esModuleInterop' flag
node_modules/next/dist/client/script.d.ts(1,8): error TS1259: Module '"C:/Users/Dell/Downloads/worldcup/node_modules/@types/react/index"' can only be default-imported using the 'esModuleInterop' flag
node_modules/next/dist/client/with-router.d.ts(1,8): error TS1259: Module '"C:/Users/Dell/Downloads/worldcup/node_modules/@types/react/index"' can only be default-imported using the 'esModuleInterop' flag
node_modules/next/dist/lib/metadata/metadata.d.ts(1,8): error TS1259: Module '"C:/Users/Dell/Downloads/worldcup/node_modules/@types/react/index"' can only be default-imported using the 'esModuleInterop' flag
node_modules/next/dist/next-devtools/userspace/pages/pages-dev-overlay-setup.d.ts(1,8): error TS1259: Module '"C:/Users/Dell/Downloads/worldcup/node_modules/@types/react/index"' can only be default-imported using the 'esModuleInterop' flag
node_modules/next/dist/pages/_app.d.ts(1,8): error TS1259: Module '"C:/Users/Dell/Downloads/worldcup/node_modules/@types/react/index"' can only be default-imported using the 'esModuleInterop' flag
node_modules/next/dist/pages/_document.d.ts(1,8): error TS1259: Module '"C:/Users/Dell/Downloads/worldcup/node_modules/@types/react/index"' can only be default-imported using the 'esModuleInterop' flag
node_modules/next/dist/pages/_error.d.ts(1,8): error TS1259: Module '"C:/Users/Dell/Downloads/worldcup/node_modules/@types/react/index"' can only be default-imported using the 'esModuleInterop' flag
node_modules/next/dist/server/app-render/types.d.ts(10,8): error TS1192: Module '"next/dist/compiled/superstruct"' has no default export.
node_modules/next/dist/server/web/spec-extension/adapters/headers.d.ts(39,16): error TS2304: Cannot find name 'HeadersIterator'.
node_modules/next/dist/server/web/spec-extension/adapters/headers.d.ts(40,13): error TS2304: Cannot find name 'HeadersIterator'.
node_modules/next/dist/server/web/spec-extension/adapters/headers.d.ts(41,15): error TS2304: Cannot find name 'HeadersIterator'.
node_modules/next/dist/server/web/spec-extension/adapters/headers.d.ts(42,26): error TS2304: Cannot find name 'HeadersIterator'.
node_modules/next/dist/shared/lib/app-router-context.shared-runtime.d.ts(4,8): error TS1259: Module '"C:/Users/Dell/Downloads/worldcup/node_modules/@types/react/index"' can only be default-imported using the 'esModuleInterop' flag
node_modules/next/dist/shared/lib/app-router-types.d.ts(7,13): error TS1259: Module '"C:/Users/Dell/Downloads/worldcup/node_modules/@types/react/index"' can only be default-imported using the 'esModuleInterop' flag
node_modules/next/dist/shared/lib/dynamic.d.ts(1,8): error TS1259: Module '"C:/Users/Dell/Downloads/worldcup/node_modules/@types/react/index"' can only be default-imported using the 'esModuleInterop' flag
node_modules/next/dist/shared/lib/head-manager-context.shared-runtime.d.ts(1,8): error TS1259: Module '"C:/Users/Dell/Downloads/worldcup/node_modules/@types/react/index"' can only be default-imported using the 'esModuleInterop' flag
node_modules/next/dist/shared/lib/head.d.ts(1,8): error TS1259: Module '"C:/Users/Dell/Downloads/worldcup/node_modules/@types/react/index"' can only be default-imported using the 'esModuleInterop' flag
node_modules/next/dist/shared/lib/image-config-context.shared-runtime.d.ts(1,8): error TS1259: Module '"C:/Users/Dell/Downloads/worldcup/node_modules/@types/react/index"' can only be default-imported using the 'esModuleInterop' flag
node_modules/next/dist/shared/lib/loadable-context.shared-runtime.d.ts(1,8): error TS1259: Module '"C:/Users/Dell/Downloads/worldcup/node_modules/@types/react/index"' can only be default-imported using the 'esModuleInterop' flag
node_modules/next/dist/shared/lib/loadable.shared-runtime.d.ts(21,8): error TS1259: Module '"C:/Users/Dell/Downloads/worldcup/node_modules/@types/react/index"' can only be default-imported using the 'esModuleInterop' flag
node_modules/next/dist/shared/lib/router-context.shared-runtime.d.ts(1,8): error TS1259: Module '"C:/Users/Dell/Downloads/worldcup/node_modules/@types/react/index"' can only be default-imported using the 'esModuleInterop' flag
node_modules/next/dist/shared/lib/server-inserted-html.shared-runtime.d.ts(1,8): error TS1259: Module '"C:/Users/Dell/Downloads/worldcup/node_modules/@types/react/index"' can only be default-imported using the 'esModuleInterop' flag
node_modules/next/dist/shared/lib/utils.d.ts(10,13): error TS1192: Module '"fs"' has no default export.
node_modules/next/dist/styled-jsx/types/global.d.ts(1,8): error TS1259: Module '"C:/Users/Dell/Downloads/worldcup/node_modules/@types/react/index"' can only be default-imported using the 'esModuleInterop' flag
src/app/matches/[id]/page.tsx(8,25): error TS2307: Cannot find module '@/components/ui/Spinner' or its corresponding type declarations.
src/app/matches/[id]/page.tsx(9,38): error TS2307: Cannot find module '@/components/ArenaSelectionDialog' or its corresponding type declarations.
src/app/matches/[id]/page.tsx(10,34): error TS2307: Cannot find module '@/components/dashboard/CreateArenaModal' or its corresponding type declarations.
src/app/matches/[id]/page.tsx(12,26): error TS2307: Cannot find module '@/contexts/ToastContext' or its corresponding type declarations.
src/app/matches/[id]/page.tsx(13,33): error TS2307: Cannot find module '@/components/dashboard/ArenaDetailView' or its corresponding type declarations.
src/app/matches/[id]/page.tsx(70,9): error TS17004: Cannot use JSX unless the '--jsx' flag is provided.
src/app/matches/[id]/page.tsx(76,9): error TS17004: Cannot use JSX unless the '--jsx' flag is provided.
src/app/matches/[id]/page.tsx(77,13): error TS17004: Cannot use JSX unless the '--jsx' flag is provided.
src/app/matches/[id]/page.tsx(78,13): error TS17004: Cannot use JSX unless the '--jsx' flag is provided.
src/app/matches/[id]/page.tsx(79,17): error TS17004: Cannot use JSX unless the '--jsx' flag is provided.
src/app/matches/[id]/page.tsx(81,13): error TS17004: Cannot use JSX unless the '--jsx' flag is provided.
src/app/matches/[id]/page.tsx(84,13): error TS17004: Cannot use JSX unless the '--jsx' flag is provided.
src/app/matches/[id]/page.tsx(104,9): error TS17004: Cannot use JSX unless the '--jsx' flag is provided.
src/app/matches/[id]/page.tsx(105,13): error TS17004: Cannot use JSX unless the '--jsx' flag is provided.
src/app/matches/[id]/page.tsx(106,17): error TS17004: Cannot use JSX unless the '--jsx' flag is provided.
src/app/matches/[id]/page.tsx(108,13): error TS17004: Cannot use JSX unless the '--jsx' flag is provided.
src/app/matches/[id]/page.tsx(115,9): error TS17004: Cannot use JSX unless the '--jsx' flag is provided.
src/app/matches/[id]/page.tsx(116,13): error TS17004: Cannot use JSX unless the '--jsx' flag is provided.
src/app/matches/[id]/page.tsx(117,13): error TS17004: Cannot use JSX unless the '--jsx' flag is provided.
src/app/matches/[id]/page.tsx(124,9): error TS17004: Cannot use JSX unless the '--jsx' flag is provided.
src/app/matches/[id]/page.tsx(125,13): error TS17004: Cannot use JSX unless the '--jsx' flag is provided.
src/app/matches/[id]/page.tsx(126,13): error TS17004: Cannot use JSX unless the '--jsx' flag is provided.
src/app/matches/[id]/page.tsx(134,9): error TS17004: Cannot use JSX unless the '--jsx' flag is provided.
src/app/matches/[id]/page.tsx(135,13): error TS17004: Cannot use JSX unless the '--jsx' flag is provided.
src/app/matches/[id]/page.tsx(136,13): error TS17004: Cannot use JSX unless the '--jsx' flag is provided.
src/app/matches/[id]/page.tsx(143,9): error TS17004: Cannot use JSX unless the '--jsx' flag is provided.
src/app/matches/[id]/page.tsx(144,13): error TS17004: Cannot use JSX unless the '--jsx' flag is provided.
src/app/matches/[id]/page.tsx(145,17): error TS17004: Cannot use JSX unless the '--jsx' flag is provided.
src/app/matches/[id]/page.tsx(146,17): error TS17004: Cannot use JSX unless the '--jsx' flag is provided.
src/app/matches/[id]/page.tsx(148,13): error TS17004: Cannot use JSX unless the '--jsx' flag is provided.
src/app/matches/[id]/page.tsx(149,17): error TS17004: Cannot use JSX unless the '--jsx' flag is provided.
src/app/matches/[id]/page.tsx(150,21): error TS17004: Cannot use JSX unless the '--jsx' flag is provided.
src/app/matches/[id]/page.tsx(151,25): error TS17004: Cannot use JSX unless the '--jsx' flag is provided.
src/app/matches/[id]/page.tsx(152,29): error TS17004: Cannot use JSX unless the '--jsx' flag is provided.
src/app/matches/[id]/page.tsx(153,29): error TS17004: Cannot use JSX unless the '--jsx' flag is provided.
src/app/matches/[id]/page.tsx(154,29): error TS17004: Cannot use JSX unless the '--jsx' flag is provided.
src/app/matches/[id]/page.tsx(155,29): error TS17004: Cannot use JSX unless the '--jsx' flag is provided.
src/app/matches/[id]/page.tsx(156,29): error TS17004: Cannot use JSX unless the '--jsx' flag is provided.
src/app/matches/[id]/page.tsx(157,29): error TS17004: Cannot use JSX unless the '--jsx' flag is provided.
src/app/matches/[id]/page.tsx(160,21): error TS17004: Cannot use JSX unless the '--jsx' flag is provided.
src/app/matches/[id]/page.tsx(162,29): error TS17004: Cannot use JSX unless the '--jsx' flag is provided.
src/app/matches/[id]/page.tsx(163,33): error TS17004: Cannot use JSX unless the '--jsx' flag is provided.
src/app/matches/[id]/page.tsx(164,37): error TS17004: Cannot use JSX unless the '--jsx' flag is provided.
src/app/matches/[id]/page.tsx(165,41): error TS17004: Cannot use JSX unless the '--jsx' flag is provided.
src/app/matches/[id]/page.tsx(166,41): error TS17004: Cannot use JSX unless the '--jsx' flag is provided.
src/app/matches/[id]/page.tsx(169,33): error TS17004: Cannot use JSX unless the '--jsx' flag is provided.
src/app/matches/[id]/page.tsx(170,33): error TS17004: Cannot use JSX unless the '--jsx' flag is provided.
src/app/matches/[id]/page.tsx(171,33): error TS17004: Cannot use JSX unless the '--jsx' flag is provided.
src/app/matches/[id]/page.tsx(172,33): error TS17004: Cannot use JSX unless the '--jsx' flag is provided.
src/app/matches/[id]/page.tsx(173,33): error TS17004: Cannot use JSX unless the '--jsx' flag is provided.
src/app/matches/[id]/page.tsx(183,13): error TS17004: Cannot use JSX unless the '--jsx' flag is provided.
src/app/matches/[id]/page.tsx(184,17): error TS17004: Cannot use JSX unless the '--jsx' flag is provided.
src/app/matches/[id]/page.tsx(185,21): error TS17004: Cannot use JSX unless the '--jsx' flag is provided.
src/app/matches/[id]/page.tsx(186,25): error TS17004: Cannot use JSX unless the '--jsx' flag is provided.
src/app/matches/[id]/page.tsx(187,29): error TS17004: Cannot use JSX unless the '--jsx' flag is provided.
src/app/matches/[id]/page.tsx(188,29): error TS17004: Cannot use JSX unless the '--jsx' flag is provided.
src/app/matches/[id]/page.tsx(189,29): error TS17004: Cannot use JSX unless the '--jsx' flag is provided.
src/app/matches/[id]/page.tsx(190,29): error TS17004: Cannot use JSX unless the '--jsx' flag is provided.
src/app/matches/[id]/page.tsx(191,29): error TS17004: Cannot use JSX unless the '--jsx' flag is provided.
src/app/matches/[id]/page.tsx(192,29): error TS17004: Cannot use JSX unless the '--jsx' flag is provided.
src/app/matches/[id]/page.tsx(195,21): error TS17004: Cannot use JSX unless the '--jsx' flag is provided.
src/app/matches/[id]/page.tsx(197,29): error TS17004: Cannot use JSX unless the '--jsx' flag is provided.
src/app/matches/[id]/page.tsx(198,33): error TS17004: Cannot use JSX unless the '--jsx' flag is provided.
src/app/matches/[id]/page.tsx(199,33): error TS17004: Cannot use JSX unless the '--jsx' flag is provided.
src/app/matches/[id]/page.tsx(200,33): error TS17004: Cannot use JSX unless the '--jsx' flag is provided.
src/app/matches/[id]/page.tsx(201,33): error TS17004: Cannot use JSX unless the '--jsx' flag is provided.
src/app/matches/[id]/page.tsx(202,33): error TS17004: Cannot use JSX unless the '--jsx' flag is provided.
src/app/matches/[id]/page.tsx(203,33): error TS17004: Cannot use JSX unless the '--jsx' flag is provided.
src/app/matches/[id]/page.tsx(212,17): error TS17004: Cannot use JSX unless the '--jsx' flag is provided.
src/app/matches/[id]/page.tsx(213,21): error TS17004: Cannot use JSX unless the '--jsx' flag is provided.
src/app/matches/[id]/page.tsx(214,21): error TS17004: Cannot use JSX unless the '--jsx' flag is provided.
src/app/matches/[id]/page.tsx(227,9): error TS17004: Cannot use JSX unless the '--jsx' flag is provided.
src/app/matches/[id]/page.tsx(228,13): error TS17004: Cannot use JSX unless the '--jsx' flag is provided.
src/app/matches/[id]/page.tsx(229,13): error TS17004: Cannot use JSX unless the '--jsx' flag is provided.
src/app/matches/[id]/page.tsx(230,17): error TS17004: Cannot use JSX unless the '--jsx' flag is provided.
src/app/matches/[id]/page.tsx(231,17): error TS17004: Cannot use JSX unless the '--jsx' flag is provided.
src/app/matches/[id]/page.tsx(233,25): error TS17004: Cannot use JSX unless the '--jsx' flag is provided.
src/app/matches/[id]/page.tsx(234,29): error TS17004: Cannot use JSX unless the '--jsx' flag is provided.
src/app/matches/[id]/page.tsx(235,33): error TS17004: Cannot use JSX unless the '--jsx' flag is provided.
src/app/matches/[id]/page.tsx(236,49): error TS17004: Cannot use JSX unless the '--jsx' flag is provided.
src/app/matches/[id]/page.tsx(237,44): error TS17004: Cannot use JSX unless the '--jsx' flag is provided.
src/app/matches/[id]/page.tsx(239,29): error TS17004: Cannot use JSX unless the '--jsx' flag is provided.
src/app/matches/[id]/page.tsx(247,17): error TS17004: Cannot use JSX unless the '--jsx' flag is provided.
src/app/matches/[id]/page.tsx(248,21): error TS17004: Cannot use JSX unless the '--jsx' flag is provided.
src/app/matches/[id]/page.tsx(249,21): error TS17004: Cannot use JSX unless the '--jsx' flag is provided.
src/app/matches/[id]/page.tsx(251,29): error TS17004: Cannot use JSX unless the '--jsx' flag is provided.
src/app/matches/[id]/page.tsx(252,33): error TS17004: Cannot use JSX unless the '--jsx' flag is provided.
src/app/matches/[id]/page.tsx(253,37): error TS17004: Cannot use JSX unless the '--jsx' flag is provided.
src/app/matches/[id]/page.tsx(254,53): error TS17004: Cannot use JSX unless the '--jsx' flag is provided.
src/app/matches/[id]/page.tsx(255,48): error TS17004: Cannot use JSX unless the '--jsx' flag is provided.
src/app/matches/[id]/page.tsx(257,33): error TS17004: Cannot use JSX unless the '--jsx' flag is provided.
src/app/matches/[id]/page.tsx(376,9): error TS17004: Cannot use JSX unless the '--jsx' flag is provided.
src/app/matches/[id]/page.tsx(377,13): error TS17004: Cannot use JSX unless the '--jsx' flag is provided.
src/app/matches/[id]/page.tsx(382,9): error TS17004: Cannot use JSX unless the '--jsx' flag is provided.
src/app/matches/[id]/page.tsx(383,13): error TS17004: Cannot use JSX unless the '--jsx' flag is provided.
src/app/matches/[id]/page.tsx(384,17): error TS17004: Cannot use JSX unless the '--jsx' flag is provided.
src/app/matches/[id]/page.tsx(385,21): error TS17004: Cannot use JSX unless the '--jsx' flag is provided.
src/app/matches/[id]/page.tsx(387,17): error TS17004: Cannot use JSX unless the '--jsx' flag is provided.
src/app/matches/[id]/page.tsx(388,17): error TS17004: Cannot use JSX unless the '--jsx' flag is provided.
src/app/matches/[id]/page.tsx(389,17): error TS17004: Cannot use JSX unless the '--jsx' flag is provided.
src/app/matches/[id]/page.tsx(390,21): error TS17004: Cannot use JSX unless the '--jsx' flag is provided.
src/app/matches/[id]/page.tsx(436,9): error TS17004: Cannot use JSX unless the '--jsx' flag is provided.
src/app/matches/[id]/page.tsx(438,13): error TS17004: Cannot use JSX unless the '--jsx' flag is provided.
src/app/matches/[id]/page.tsx(439,17): error TS17004: Cannot use JSX unless the '--jsx' flag is provided.
src/app/matches/[id]/page.tsx(440,21): error TS17004: Cannot use JSX unless the '--jsx' flag is provided.
src/app/matches/[id]/page.tsx(441,25): error TS17004: Cannot use JSX unless the '--jsx' flag is provided.
src/app/matches/[id]/page.tsx(442,29): error TS17004: Cannot use JSX unless the '--jsx' flag is provided.
src/app/matches/[id]/page.tsx(444,25): error TS17004: Cannot use JSX unless the '--jsx' flag is provided.
src/app/matches/[id]/page.tsx(445,29): error TS17004: Cannot use JSX unless the '--jsx' flag is provided.
src/app/matches/[id]/page.tsx(446,29): error TS17004: Cannot use JSX unless the '--jsx' flag is provided.
src/app/matches/[id]/page.tsx(446,107): error TS17004: Cannot use JSX unless the '--jsx' flag is provided.
src/app/matches/[id]/page.tsx(450,21): error TS17004: Cannot use JSX unless the '--jsx' flag is provided.
src/app/matches/[id]/page.tsx(451,25): error TS17004: Cannot use JSX unless the '--jsx' flag is provided.
src/app/matches/[id]/page.tsx(452,29): error TS17004: Cannot use JSX unless the '--jsx' flag is provided.
src/app/matches/[id]/page.tsx(454,33): error TS17004: Cannot use JSX unless the '--jsx' flag is provided.
src/app/matches/[id]/page.tsx(457,25): error TS17004: Cannot use JSX unless the '--jsx' flag is provided.
src/app/matches/[id]/page.tsx(463,29): error TS17004: Cannot use JSX unless the '--jsx' flag is provided.
src/app/matches/[id]/page.tsx(465,25): error TS17004: Cannot use JSX unless the '--jsx' flag is provided.
src/app/matches/[id]/page.tsx(466,29): error TS17004: Cannot use JSX unless the '--jsx' flag is provided.
src/app/matches/[id]/page.tsx(467,29): error TS17004: Cannot use JSX unless the '--jsx' flag is provided.
src/app/matches/[id]/page.tsx(468,35): error TS2304: Cannot find name 'leaderboard'.
src/app/matches/[id]/page.tsx(468,61): error TS2304: Cannot find name 'leaderboard'.
src/app/matches/[id]/page.tsx(478,13): error TS17004: Cannot use JSX unless the '--jsx' flag is provided.
src/app/matches/[id]/page.tsx(479,17): error TS17004: Cannot use JSX unless the '--jsx' flag is provided.
src/app/matches/[id]/page.tsx(480,21): error TS17004: Cannot use JSX unless the '--jsx' flag is provided.
src/app/matches/[id]/page.tsx(482,25): error TS17004: Cannot use JSX unless the '--jsx' flag is provided.
src/app/matches/[id]/page.tsx(483,25): error TS17004: Cannot use JSX unless the '--jsx' flag is provided.
src/app/matches/[id]/page.tsx(484,25): error TS17004: Cannot use JSX unless the '--jsx' flag is provided.
src/app/matches/[id]/page.tsx(486,25): error TS17004: Cannot use JSX unless the '--jsx' flag is provided.
src/app/matches/[id]/page.tsx(488,29): error TS17004: Cannot use JSX unless the '--jsx' flag is provided.
src/app/matches/[id]/page.tsx(489,33): error TS17004: Cannot use JSX unless the '--jsx' flag is provided.
src/app/matches/[id]/page.tsx(490,37): error TS17004: Cannot use JSX unless the '--jsx' flag is provided.
src/app/matches/[id]/page.tsx(492,33): error TS17004: Cannot use JSX unless the '--jsx' flag is provided.
src/app/matches/[id]/page.tsx(494,37): error TS17004: Cannot use JSX unless the '--jsx' flag is provided.
src/app/matches/[id]/page.tsx(501,29): error TS17004: Cannot use JSX unless the '--jsx' flag is provided.
src/app/matches/[id]/page.tsx(502,33): error TS17004: Cannot use JSX unless the '--jsx' flag is provided.
src/app/matches/[id]/page.tsx(503,37): error TS17004: Cannot use JSX unless the '--jsx' flag is provided.
src/app/matches/[id]/page.tsx(505,33): error TS17004: Cannot use JSX unless the '--jsx' flag is provided.
src/app/matches/[id]/page.tsx(507,37): error TS17004: Cannot use JSX unless the '--jsx' flag is provided.
src/app/matches/[id]/page.tsx(513,29): error TS17004: Cannot use JSX unless the '--jsx' flag is provided.
src/app/matches/[id]/page.tsx(514,33): error TS17004: Cannot use JSX unless the '--jsx' flag is provided.
src/app/matches/[id]/page.tsx(515,37): error TS17004: Cannot use JSX unless the '--jsx' flag is provided.
src/app/matches/[id]/page.tsx(517,33): error TS17004: Cannot use JSX unless the '--jsx' flag is provided.
src/app/matches/[id]/page.tsx(519,37): error TS17004: Cannot use JSX unless the '--jsx' flag is provided.
src/app/matches/[id]/page.tsx(530,13): error TS17004: Cannot use JSX unless the '--jsx' flag is provided.
src/app/matches/[id]/page.tsx(532,17): error TS17004: Cannot use JSX unless the '--jsx' flag is provided.
src/app/matches/[id]/page.tsx(534,25): error TS17004: Cannot use JSX unless the '--jsx' flag is provided.
src/app/matches/[id]/page.tsx(540,29): error TS17004: Cannot use JSX unless the '--jsx' flag is provided.
src/app/matches/[id]/page.tsx(543,33): error TS17004: Cannot use JSX unless the '--jsx' flag is provided.
src/app/matches/[id]/page.tsx(551,21): error TS17004: Cannot use JSX unless the '--jsx' flag is provided.
src/app/matches/[id]/page.tsx(552,25): error TS17004: Cannot use JSX unless the '--jsx' flag is provided.
src/app/matches/[id]/page.tsx(553,29): error TS17004: Cannot use JSX unless the '--jsx' flag is provided.
src/app/matches/[id]/page.tsx(555,33): error TS17004: Cannot use JSX unless the '--jsx' flag is provided.
src/app/matches/[id]/page.tsx(559,37): error TS17004: Cannot use JSX unless the '--jsx' flag is provided.
src/app/matches/[id]/page.tsx(566,29): error TS17004: Cannot use JSX unless the '--jsx' flag is provided.
src/app/matches/[id]/page.tsx(568,29): error TS17004: Cannot use JSX unless the '--jsx' flag is provided.
src/app/matches/[id]/page.tsx(569,33): error TS17004: Cannot use JSX unless the '--jsx' flag is provided.
src/app/matches/[id]/page.tsx(572,29): error TS17004: Cannot use JSX unless the '--jsx' flag is provided.
src/app/matches/[id]/page.tsx(574,29): error TS17004: Cannot use JSX unless the '--jsx' flag is provided.
src/app/matches/[id]/page.tsx(576,37): error TS17004: Cannot use JSX unless the '--jsx' flag is provided.
src/app/matches/[id]/page.tsx(577,41): error TS17004: Cannot use JSX unless the '--jsx' flag is provided.
src/app/matches/[id]/page.tsx(579,41): error TS17004: Cannot use JSX unless the '--jsx' flag is provided.
src/app/matches/[id]/page.tsx(580,45): error TS17004: Cannot use JSX unless the '--jsx' flag is provided.
src/app/matches/[id]/page.tsx(581,49): error TS17004: Cannot use JSX unless the '--jsx' flag is provided.
src/app/matches/[id]/page.tsx(582,53): error TS17004: Cannot use JSX unless the '--jsx' flag is provided.
src/app/matches/[id]/page.tsx(584,57): error TS17004: Cannot use JSX unless the '--jsx' flag is provided.
src/app/matches/[id]/page.tsx(589,49): error TS17004: Cannot use JSX unless the '--jsx' flag is provided.
src/app/matches/[id]/page.tsx(590,53): error TS17004: Cannot use JSX unless the '--jsx' flag is provided.
src/app/matches/[id]/page.tsx(591,57): error TS17004: Cannot use JSX unless the '--jsx' flag is provided.
src/app/matches/[id]/page.tsx(592,57): error TS17004: Cannot use JSX unless the '--jsx' flag is provided.
src/app/matches/[id]/page.tsx(594,53): error TS17004: Cannot use JSX unless the '--jsx' flag is provided.
src/app/matches/[id]/page.tsx(595,53): error TS17004: Cannot use JSX unless the '--jsx' flag is provided.
src/app/matches/[id]/page.tsx(596,57): error TS17004: Cannot use JSX unless the '--jsx' flag is provided.
src/app/matches/[id]/page.tsx(597,57): error TS17004: Cannot use JSX unless the '--jsx' flag is provided.
src/app/matches/[id]/page.tsx(602,49): error TS17004: Cannot use JSX unless the '--jsx' flag is provided.
src/app/matches/[id]/page.tsx(603,53): error TS17004: Cannot use JSX unless the '--jsx' flag is provided.
src/app/matches/[id]/page.tsx(607,57): error TS17004: Cannot use JSX unless the '--jsx' flag is provided.
src/app/matches/[id]/page.tsx(612,53): error TS17004: Cannot use JSX unless the '--jsx' flag is provided.
src/app/matches/[id]/page.tsx(613,57): error TS17004: Cannot use JSX unless the '--jsx' flag is provided.
src/app/matches/[id]/page.tsx(614,57): error TS17004: Cannot use JSX unless the '--jsx' flag is provided.
src/app/matches/[id]/page.tsx(615,61): error TS17004: Cannot use JSX unless the '--jsx' flag is provided.
src/app/matches/[id]/page.tsx(625,65): error TS17004: Cannot use JSX unless the '--jsx' flag is provided.
src/app/matches/[id]/page.tsx(627,69): error TS17004: Cannot use JSX unless the '--jsx' flag is provided.
src/app/matches/[id]/page.tsx(629,69): error TS17004: Cannot use JSX unless the '--jsx' flag is provided.
src/app/matches/[id]/page.tsx(633,61): error TS17004: Cannot use JSX unless the '--jsx' flag is provided.
src/app/matches/[id]/page.tsx(645,69): error TS17004: Cannot use JSX unless the '--jsx' flag is provided.
src/app/matches/[id]/page.tsx(647,69): error TS17004: Cannot use JSX unless the '--jsx' flag is provided.
src/app/matches/[id]/page.tsx(654,49): error TS17004: Cannot use JSX unless the '--jsx' flag is provided.
src/app/matches/[id]/page.tsx(655,53): error TS17004: Cannot use JSX unless the '--jsx' flag is provided.
src/app/matches/[id]/page.tsx(656,53): error TS17004: Cannot use JSX unless the '--jsx' flag is provided.
src/app/matches/[id]/page.tsx(668,21): error TS17004: Cannot use JSX unless the '--jsx' flag is provided.
src/app/matches/[id]/page.tsx(669,25): error TS17004: Cannot use JSX unless the '--jsx' flag is provided.
src/app/matches/[id]/page.tsx(670,29): error TS17004: Cannot use JSX unless the '--jsx' flag is provided.
src/app/matches/[id]/page.tsx(672,33): error TS17004: Cannot use JSX unless the '--jsx' flag is provided.
src/app/matches/[id]/page.tsx(676,37): error TS17004: Cannot use JSX unless the '--jsx' flag is provided.
src/app/matches/[id]/page.tsx(683,29): error TS17004: Cannot use JSX unless the '--jsx' flag is provided.
src/app/matches/[id]/page.tsx(685,29): error TS17004: Cannot use JSX unless the '--jsx' flag is provided.
src/app/matches/[id]/page.tsx(687,29): error TS17004: Cannot use JSX unless the '--jsx' flag is provided.
src/app/matches/[id]/page.tsx(689,37): error TS17004: Cannot use JSX unless the '--jsx' flag is provided.
src/app/matches/[id]/page.tsx(690,41): error TS17004: Cannot use JSX unless the '--jsx' flag is provided.
src/app/matches/[id]/page.tsx(691,45): error TS17004: Cannot use JSX unless the '--jsx' flag is provided.
src/app/matches/[id]/page.tsx(692,45): error TS17004: Cannot use JSX unless the '--jsx' flag is provided.
src/app/matches/[id]/page.tsx(696,49): error TS17004: Cannot use JSX unless the '--jsx' flag is provided.
src/app/matches/[id]/page.tsx(697,49): error TS17004: Cannot use JSX unless the '--jsx' flag is provided.
src/app/matches/[id]/page.tsx(698,49): error TS17004: Cannot use JSX unless the '--jsx' flag is provided.
src/app/matches/[id]/page.tsx(700,45): error TS17004: Cannot use JSX unless the '--jsx' flag is provided.
src/app/matches/[id]/page.tsx(703,41): error TS17004: Cannot use JSX unless the '--jsx' flag is provided.
src/app/matches/[id]/page.tsx(708,53): error TS17004: Cannot use JSX unless the '--jsx' flag is provided.
src/app/matches/[id]/page.tsx(710,57): error TS17004: Cannot use JSX unless the '--jsx' flag is provided.
src/app/matches/[id]/page.tsx(711,57): error TS17004: Cannot use JSX unless the '--jsx' flag is provided.
src/app/matches/[id]/page.tsx(712,61): error TS17004: Cannot use JSX unless the '--jsx' flag is provided.
src/app/matches/[id]/page.tsx(713,65): error TS17004: Cannot use JSX unless the '--jsx' flag is provided.
src/app/matches/[id]/page.tsx(714,65): error TS17004: Cannot use JSX unless the '--jsx' flag is provided.
src/app/matches/[id]/page.tsx(718,61): error TS17004: Cannot use JSX unless the '--jsx' flag is provided.
src/app/matches/[id]/page.tsx(719,65): error TS17004: Cannot use JSX unless the '--jsx' flag is provided.
src/app/matches/[id]/page.tsx(722,65): error TS17004: Cannot use JSX unless the '--jsx' flag is provided.
src/app/matches/[id]/page.tsx(723,69): error TS17004: Cannot use JSX unless the '--jsx' flag is provided.
src/app/matches/[id]/page.tsx(725,77): error TS17004: Cannot use JSX unless the '--jsx' flag is provided.
src/app/matches/[id]/page.tsx(727,77): error TS17004: Cannot use JSX unless the '--jsx' flag is provided.
src/app/matches/[id]/page.tsx(730,69): error TS17004: Cannot use JSX unless the '--jsx' flag is provided.
src/app/matches/[id]/page.tsx(734,77): error TS17004: Cannot use JSX unless the '--jsx' flag is provided.
src/app/matches/[id]/page.tsx(735,100): error TS17004: Cannot use JSX unless the '--jsx' flag is provided.
src/app/matches/[id]/page.tsx(743,57): error TS17004: Cannot use JSX unless the '--jsx' flag is provided.
src/app/matches/[id]/page.tsx(745,65): error TS17004: Cannot use JSX unless the '--jsx' flag is provided.
src/app/matches/[id]/page.tsx(746,69): error TS17004: Cannot use JSX unless the '--jsx' flag is provided.
src/app/matches/[id]/page.tsx(747,73): error TS17004: Cannot use JSX unless the '--jsx' flag is provided.
src/app/matches/[id]/page.tsx(748,73): error TS17004: Cannot use JSX unless the '--jsx' flag is provided.
src/app/matches/[id]/page.tsx(749,73): error TS17004: Cannot use JSX unless the '--jsx' flag is provided.
src/app/matches/[id]/page.tsx(750,73): error TS17004: Cannot use JSX unless the '--jsx' flag is provided.
src/app/matches/[id]/page.tsx(751,73): error TS17004: Cannot use JSX unless the '--jsx' flag is provided.
src/app/matches/[id]/page.tsx(753,69): error TS17004: Cannot use JSX unless the '--jsx' flag is provided.
src/app/matches/[id]/page.tsx(754,73): error TS17004: Cannot use JSX unless the '--jsx' flag is provided.
src/app/matches/[id]/page.tsx(755,73): error TS17004: Cannot use JSX unless the '--jsx' flag is provided.
src/app/matches/[id]/page.tsx(761,65): error TS17004: Cannot use JSX unless the '--jsx' flag is provided.
src/app/matches/[id]/page.tsx(762,69): error TS17004: Cannot use JSX unless the '--jsx' flag is provided.
src/app/matches/[id]/page.tsx(763,73): error TS17004: Cannot use JSX unless the '--jsx' flag is provided.
src/app/matches/[id]/page.tsx(764,73): error TS17004: Cannot use JSX unless the '--jsx' flag is provided.
src/app/matches/[id]/page.tsx(783,21): error TS17004: Cannot use JSX unless the '--jsx' flag is provided.
src/app/matches/[id]/page.tsx(785,29): error TS17004: Cannot use JSX unless the '--jsx' flag is provided.
src/app/matches/[id]/page.tsx(787,37): error TS17004: Cannot use JSX unless the '--jsx' flag is provided.
src/app/matches/[id]/page.tsx(790,37): error TS17004: Cannot use JSX unless the '--jsx' flag is provided.
src/app/matches/[id]/page.tsx(793,37): error TS17004: Cannot use JSX unless the '--jsx' flag is provided.
src/app/matches/[id]/page.tsx(797,29): error TS17004: Cannot use JSX unless the '--jsx' flag is provided.
src/app/matches/[id]/page.tsx(803,21): error TS17004: Cannot use JSX unless the '--jsx' flag is provided.
src/app/matches/[id]/page.tsx(805,29): error TS17004: Cannot use JSX unless the '--jsx' flag is provided.
src/app/matches/[id]/page.tsx(806,33): error TS17004: Cannot use JSX unless the '--jsx' flag is provided.
src/app/matches/[id]/page.tsx(807,33): error TS17004: Cannot use JSX unless the '--jsx' flag is provided.
src/app/matches/[id]/page.tsx(810,29): error TS17004: Cannot use JSX unless the '--jsx' flag is provided.
src/app/matches/[id]/page.tsx(816,21): error TS17004: Cannot use JSX unless the '--jsx' flag is provided.
src/app/matches/[id]/page.tsx(817,25): error TS17004: Cannot use JSX unless the '--jsx' flag is provided.
src/app/matches/[id]/page.tsx(818,25): error TS17004: Cannot use JSX unless the '--jsx' flag is provided.
src/app/matches/[id]/page.tsx(820,33): error TS17004: Cannot use JSX unless the '--jsx' flag is provided.
src/app/matches/[id]/page.tsx(821,37): error TS17004: Cannot use JSX unless the '--jsx' flag is provided.
src/app/matches/[id]/page.tsx(822,37): error TS17004: Cannot use JSX unless the '--jsx' flag is provided.
src/app/matches/[id]/page.tsx(823,37): error TS17004: Cannot use JSX unless the '--jsx' flag is provided.
src/app/matches/[id]/page.tsx(824,37): error TS17004: Cannot use JSX unless the '--jsx' flag is provided.
src/app/matches/[id]/page.tsx(825,37): error TS17004: Cannot use JSX unless the '--jsx' flag is provided.
src/app/matches/[id]/page.tsx(826,37): error TS17004: Cannot use JSX unless the '--jsx' flag is provided.
src/app/matches/[id]/page.tsx(829,33): error TS17004: Cannot use JSX unless the '--jsx' flag is provided.
src/app/matches/[id]/page.tsx(839,21): error TS17004: Cannot use JSX unless the '--jsx' flag is provided.
src/app/matches/[id]/page.tsx(840,25): error TS17004: Cannot use JSX unless the '--jsx' flag is provided.
src/app/matches/[id]/page.tsx(842,29): error TS17004: Cannot use JSX unless the '--jsx' flag is provided.
src/app/matches/[id]/page.tsx(843,29): error TS17004: Cannot use JSX unless the '--jsx' flag is provided.
src/app/matches/[id]/page.tsx(845,29): error TS17004: Cannot use JSX unless the '--jsx' flag is provided.
src/app/matches/[id]/page.tsx(849,33): error TS17004: Cannot use JSX unless the '--jsx' flag is provided.
src/app/matches/[id]/page.tsx(852,29): error TS17004: Cannot use JSX unless the '--jsx' flag is provided.
src/app/matches/[id]/page.tsx(853,33): error TS17004: Cannot use JSX unless the '--jsx' flag is provided.
src/app/matches/[id]/page.tsx(854,37): error TS17004: Cannot use JSX unless the '--jsx' flag is provided.
src/app/matches/[id]/page.tsx(855,41): error TS17004: Cannot use JSX unless the '--jsx' flag is provided.
src/app/matches/[id]/page.tsx(859,33): error TS17004: Cannot use JSX unless the '--jsx' flag is provided.
src/app/matches/[id]/page.tsx(860,33): error TS17004: Cannot use JSX unless the '--jsx' flag is provided.
src/app/matches/[id]/page.tsx(862,33): error TS17004: Cannot use JSX unless the '--jsx' flag is provided.
src/app/matches/[id]/page.tsx(863,37): error TS17004: Cannot use JSX unless the '--jsx' flag is provided.
src/app/matches/[id]/page.tsx(864,41): error TS17004: Cannot use JSX unless the '--jsx' flag is provided.
src/app/matches/[id]/page.tsx(866,49): error TS17004: Cannot use JSX unless the '--jsx' flag is provided.
src/app/matches/[id]/page.tsx(868,49): error TS17004: Cannot use JSX unless the '--jsx' flag is provided.
src/app/matches/[id]/page.tsx(872,37): error TS17004: Cannot use JSX unless the '--jsx' flag is provided.
src/app/matches/[id]/page.tsx(873,41): error TS17004: Cannot use JSX unless the '--jsx' flag is provided.
src/app/matches/[id]/page.tsx(874,41): error TS17004: Cannot use JSX unless the '--jsx' flag is provided.
src/app/matches/[id]/page.tsx(878,33): error TS17004: Cannot use JSX unless the '--jsx' flag is provided.
src/app/matches/[id]/page.tsx(879,37): error TS17004: Cannot use JSX unless the '--jsx' flag is provided.
src/app/matches/[id]/page.tsx(880,41): error TS17004: Cannot use JSX unless the '--jsx' flag is provided.
src/app/matches/[id]/page.tsx(881,41): error TS17004: Cannot use JSX unless the '--jsx' flag is provided.
src/app/matches/[id]/page.tsx(883,37): error TS17004: Cannot use JSX unless the '--jsx' flag is provided.
src/app/matches/[id]/page.tsx(884,41): error TS17004: Cannot use JSX unless the '--jsx' flag is provided.
src/app/matches/[id]/page.tsx(885,41): error TS17004: Cannot use JSX unless the '--jsx' flag is provided.
src/app/matches/[id]/page.tsx(887,37): error TS17004: Cannot use JSX unless the '--jsx' flag is provided.
src/app/matches/[id]/page.tsx(888,41): error TS17004: Cannot use JSX unless the '--jsx' flag is provided.
src/app/matches/[id]/page.tsx(889,41): error TS17004: Cannot use JSX unless the '--jsx' flag is provided.
src/app/matches/[id]/page.tsx(893,33): error TS17004: Cannot use JSX unless the '--jsx' flag is provided.
src/app/matches/[id]/page.tsx(897,37): error TS17004: Cannot use JSX unless the '--jsx' flag is provided.
src/app/matches/[id]/page.tsx(908,21): error TS17004: Cannot use JSX unless the '--jsx' flag is provided.
src/app/matches/[id]/page.tsx(909,25): error TS17004: Cannot use JSX unless the '--jsx' flag is provided.
src/app/matches/[id]/page.tsx(911,29): error TS17004: Cannot use JSX unless the '--jsx' flag is provided.
src/app/matches/[id]/page.tsx(912,29): error TS17004: Cannot use JSX unless the '--jsx' flag is provided.
src/app/matches/[id]/page.tsx(914,29): error TS17004: Cannot use JSX unless the '--jsx' flag is provided.
src/app/matches/[id]/page.tsx(918,33): error TS17004: Cannot use JSX unless the '--jsx' flag is provided.
src/app/matches/[id]/page.tsx(921,29): error TS17004: Cannot use JSX unless the '--jsx' flag is provided.
src/app/matches/[id]/page.tsx(922,33): error TS17004: Cannot use JSX unless the '--jsx' flag is provided.
src/app/matches/[id]/page.tsx(923,37): error TS17004: Cannot use JSX unless the '--jsx' flag is provided.
src/app/matches/[id]/page.tsx(924,41): error TS17004: Cannot use JSX unless the '--jsx' flag is provided.
src/app/matches/[id]/page.tsx(928,33): error TS17004: Cannot use JSX unless the '--jsx' flag is provided.
src/app/matches/[id]/page.tsx(929,33): error TS17004: Cannot use JSX unless the '--jsx' flag is provided.
src/app/matches/[id]/page.tsx(931,33): error TS17004: Cannot use JSX unless the '--jsx' flag is provided.
src/app/matches/[id]/page.tsx(932,37): error TS17004: Cannot use JSX unless the '--jsx' flag is provided.
src/app/matches/[id]/page.tsx(937,33): error TS17004: Cannot use JSX unless the '--jsx' flag is provided.
src/app/matches/[id]/page.tsx(949,13): error TS17004: Cannot use JSX unless the '--jsx' flag is provided.
src/app/matches/[id]/page.tsx(960,17): error TS17004: Cannot use JSX unless the '--jsx' flag is provided.
src/app/matches/[id]/page.tsx(969,13): error TS17004: Cannot use JSX unless the '--jsx' flag is provided.
src/app/matches/[id]/page.tsx(981,9): error TS17004: Cannot use JSX unless the '--jsx' flag is provided.
src/app/matches/[id]/page.tsx(982,13): error TS17004: Cannot use JSX unless the '--jsx' flag is provided.
src/app/matches/[id]/page.tsx(983,17): error TS17004: Cannot use JSX unless the '--jsx' flag is provided.
src/app/matches/[id]/page.tsx(986,13): error TS17004: Cannot use JSX unless the '--jsx' flag is provided.
